// Jest Snapshot v1, https://goo.gl/fbAQLP

exports[`matches snapshot 1`] = `
<DocumentFragment>
  <button
    type="reset"
  >
    Test
  </button>
</DocumentFragment>
`;
